// Jest Snapshot v1, https://goo.gl/fbAQLP

exports[`renders correctly  1`] = `
<div
  className="app-card card"
>
  <div
    className="card-body"
  >
    <h1>
      Just a card
    </h1>
  </div>
</div>
`;
