// Jest Snapshot v1, https://goo.gl/fbAQLP

exports[`renders sidemenu component correctly  1`] = `
<div
  className="no-gutter fixed side-menu col-md-1"
>
  <div
    className="side-menu-user flex flex-full-center"
  >
    <span>
      S
    </span>
  </div>
</div>
`;
